LISTING FOR LOGIC DESCRIPTION FILE: LT6502_GLUE.pld                  Page 1

CUPL(WM): Universal Compiler for Programmable Logic
Version 5.0a Serial# 60008009
Copyright (c) 1983, 1998 Logical Devices, Inc.
Created Fri Jan 09 15:21:27 2026

  1:Name     LT6502_GLUE;
  2:PartNo   ;
  3:Date     02/01/26;
  4:Revision ;
  5:Designer Paula;
  6:Company  ;
  7:Assembly ;
  8:Location ;
  9:Device    f1508isptqfp100;
 10:
 11:/*********************************************************
 12: *                     INPUT PINS                        *
 13: *********************************************************/
 14:
 15:
 16:/* SYSTEM signals */
 17:Pin 87 = CLK;       /* MAIN OSC CLOCK IN */
 18:Pin 93 = !RESET;    /* GLOBAL RESET IN */
 19:Pin 84 = CLK_OUT;   /* Sent to expansion header, WAS Q0 but VIA/ACIA connected to pin 83, oops */
 20:Pin 83 = Q0;        /* sent to expansion header OUT, NOW CLK/2 */
 21:
 22:Pin 96 = !SLOW0;    /* CPU Clock Slow bit 0, INPUT */
 23:Pin 97 = !SLOW1;    /* CPU Clock Slow bit 1, INPUT */
 24:
 25:Pin 37 = !RD;       /* OUTPUT */
 26:Pin 36 = !RW;       /* OUTPUT */
 27:
 28:Pin 94 = !LED;      /* Test LED output */
 29:
 30:
 31:/* CPU signals */
 32:Pin 75 = PHI2;      /* CPU_CLK OUTPUT */
 33:Pin 90 = RnW;       /* INPUT */
 34:
 35:
 36:/* ROM Enables */
 37:Pin 45 = !ROM_nR;    /* OUTPUT */
 38:Pin 46 = !ROM_nCS;   /* OUTPUT */
 39:
 40:
 41:/* RAM CS */
 42:Pin 42 = !RAM_nCS0;    /* OUTPUT */
 43:Pin 40 = !RAM_nCS1;    /* OUTPUT */
 44:
 45:
 46:/* FT245, Console, Signals */
 47:Pin 48 = !RD_FT;           /* OUTPUT */
 48:Pin 47 = WR_FT;            /* OUTPUT */
 49:Pin 49 = RXF;                /* BIT 0 of 6850 register, INPUT */
 50:Pin 50 = TXE;                /* BIT 1 of 6850 register, INPUT */
 51:                           /* Had to swap pin 49/50, no idea why */
 52:
 53:/* 65C22 VIA */

LISTING FOR LOGIC DESCRIPTION FILE: LT6502_GLUE.pld                  Page 2

CUPL(WM): Universal Compiler for Programmable Logic
Version 5.0a Serial# 60008009
Copyright (c) 1983, 1998 Logical Devices, Inc.
Created Fri Jan 09 15:21:27 2026

 54:Pin 76 = !VIA_nCS;
 55:
 56:
 57:/* Expansion card */
 58:Pin 78 = !EXP_nCS;
 59:
 60:
 61:/* Compact Flash */
 62:Pin 80 = !CF_nRES;       /* OUT, was nCS, but I swapped pins on the schematic, DOH! */
 63:Pin 81 = !CF_nCS;        /* OUT, was nRES, but I swapped pins on the schematic, DOH! */
 64:
 65:
 66:/* Keyboard Serial port, 65C51 */
 67:Pin 77 = !ACIA_nCS;
 68:
 69:
 70:/* Display */
 71:Pin 98 = !DISP_nCS;
 72:Pin 27 = DISP_DATA_EN;    /* OUT, databus level shifter enable */
 73:Pin  6 = DISP_BL;
 74:Pin 99 = !DISP_nRES;
 75:Pin 100 = DISP_E;         /* OUT, 6800 "E" signal
 76:
 77:
 78:/* Beeper */
 79:Pin 92 = BEEPER;
 80:
 81:
 82:/* Address bus all are INPUT */
 83:Pin 25 = A0;
 84:Pin 24 = A1;
 85:Pin 23 = A2;
 86:Pin 22 = A3;
 87:Pin 21 = A4;
 88:Pin 20 = A5;
 89:Pin 19 = A6;
 90:Pin 17 = A7;
 91:Pin 16 = A8;
 92:Pin 14 = A9;
 93:Pin 13 = A10;
 94:Pin 12 = A11;
 95:Pin 10 = A12;
 96:Pin  9 = A13;
 97:Pin  8 = A14;
 98:Pin  7 = A15;
 99:
100:
101:/* Data bus */
102:Pin 60 = D0;
103:Pin 58 = D1;
104:Pin 57 = D2;
105:Pin 56 = D3;
106:Pin 55 = D4;
107:Pin 54 = D5;

LISTING FOR LOGIC DESCRIPTION FILE: LT6502_GLUE.pld                  Page 3

CUPL(WM): Universal Compiler for Programmable Logic
Version 5.0a Serial# 60008009
Copyright (c) 1983, 1998 Logical Devices, Inc.
Created Fri Jan 09 15:21:27 2026

108:Pin 53 = D6;
109:Pin 52 = D7;
110:
111:
112:
113:/*********************************************************
114: *                        PINNODES                       *
115: *********************************************************/
116:
117:/* Clock Stretch nodes */
118:Pinnode  0  = Q1;
119:Pinnode  0  = Q2;
120:
121:
122:
123:
124:
125:/*********************************************************
126: *                     Clock Bits and bobs               *
127: *********************************************************/
128:
129:
130:/* Clock Stretching */
131:Q0.ck = CLK;
132:Q1.ck = CLK;
133:Q2.ck = CLK;
134:PHI2.ck = CLK;
135:
136:Q0.ar = RESET;
137:Q1.ar = RESET;
138:Q2.ar = RESET;
139:PHI2.ar = RESET;
140:
141:Q0.D = !PHI2
142:       # PHI2 & !Q0;
143:
144:Q1.D = !PHI2 & !SLOW0
145:       # PHI2 & !Q1 & Q0
146:       # PHI2 & Q1 & !Q0;
147:
148:Q2.D = !PHI2 & !SLOW1
149:       # PHI2 & Q2 & !Q1
150:       # PHI2 & Q2 & !Q0        
151:       # PHI2 & !Q2 & Q1 & Q0;
152:
153:PHI2.D = !PHI2
154:       # PHI2 & !Q2     
155:       # PHI2 & !Q1
156:       # PHI2 & !Q0     
157:       # !PHI2 & Q2 & Q1 & Q0;
158:
159:/*********************************************************
160: *                     Decode & glue                     *
161: *********************************************************/

LISTING FOR LOGIC DESCRIPTION FILE: LT6502_GLUE.pld                  Page 4

CUPL(WM): Universal Compiler for Programmable Logic
Version 5.0a Serial# 60008009
Copyright (c) 1983, 1998 Logical Devices, Inc.
Created Fri Jan 09 15:21:27 2026

162:
163:
164:/* FT245 Serial port 0xBFF0 - 0xBFFF */                 
165:FT_CS = A15 & !A14 & A13 & A12   &   A11 & A10 & A9 & A8   &   A7 & A6 & A5 & A4;
166:
167:RD_FT = PHI2 & FT_CS & A0 &  RnW;               /* 0xBFF1 */
168:WR_FT = PHI2 & FT_CS & A0 & !RnW;               /* 0xBFF1 */ 
169:
170:D0.oe = FT_CS & !A0 & RnW;                      /* 0xBFF0 */
171:
172:D1.oe = FT_CS & !A0 & RnW;                      /* 0xBFF0 */
173:
174:D0 = !RXF;                              
175:D1 = !TXE;                      
176:
177:
178:/* Keyboard ACIA - 0xBFE0 - 0xBFEF */
179:ACIA_nCS = A15 & !A14 & A13 & A12   &   A11 & A10 & A9 & A8   &   A7 & A6 & A5 & !A4;
180: 
181:/* Display 0xBFD0 - 0xBFDF */
182:DISP_nCS = A15 & !A14 & A13 & A12   &   A11 & A10 & A9 & A8   &   A7 & A6 & !A5 & A4;
183:DISP_DATA_EN = DISP_nCS;
184:DISP_E = DISP_nCS & Q0;
185:DISP_BL = 'b'1;
186:DISP_nRES = RESET;
187:
188:
189:/* Onboard VIA 65c22 0xBFC0 - 0xBFCF */
190:VIA_nCS = A15 & !A14 & A13 & A12   &   A11 & A10 & A9 & A8   &   A7 & A6 & !A5 & !A4;
191:
192:
193:/* Compact Flash 0xBFB0 - 0xBFBF */
194:CF_nCS  = A15 & !A14 & A13 & A12   &   A11 & A10 & A9 & A8   &   A7 & !A6 & A5 & A4;
195:CF_nRES = RESET;
196:
197:
198:/* Beeper, a simple SR latch for now - 0xBFA0 - 0xBFAF */
199:BEEP_CS = A15 & !A14 & A13 & A12   &   A11 & A10 & A9 & A8   &   A7 & !A6 & A5 & !A4;
200:BEEP_S = D2 & BEEP_CS;
201:BEEP_R = !D2 & BEEP_CS;
202:BEEPER =  (BEEPER & !BEEP_R) # BEEP_S;
203:
204:
205:/* Expansion Slot 0xBE00 - 0xBEFF*/
206:EXP_nCS = A15 & !A14 & A13 & A12   &   A11 & A10 & A9 & !A8;
207:
208:
209:/***********************/
210:/* GAP 0xBFF0 - 0xBFCF */
211:/***********************/
212:
213:
214:/* ROM 0xC000 - 0xFFFF */
215:ROM_nR  = A15 & A14;   /* ROM Read address */

LISTING FOR LOGIC DESCRIPTION FILE: LT6502_GLUE.pld                  Page 5

CUPL(WM): Universal Compiler for Programmable Logic
Version 5.0a Serial# 60008009
Copyright (c) 1983, 1998 Logical Devices, Inc.
Created Fri Jan 09 15:21:27 2026

216:ROM_nCS = 'b'1;        /* ROM chip select always active */
217:
218:
219:/* RAM bank 0 0x0000 - 0x7FFF */                        
220:RAM_nCS0 = !A15;        
221:RW = PHI2 & !RnW;
222:RD = PHI2 & RnW;
223:
224:
225:/* RAM bank 1 0x8000 - 0xBDFF */
226:RAM_nCS1 = A15 & !A14 & !FT_CS & !ACIA_nCS & !DISP_nCS & !VIA_nCS & !CF_nCS & !EXP_nCS & !BEEP_CS;
227:
228:
229:
230:
231:/* system wide logic */
232:CLK_OUT = CLK;
233:LED = CF_nCS;
234:
235:
236:
237:/* END OF FILE */
238:/*****************************************************/
239:



