01-17 10:21:45 com_github_MitjaNemec_ReplicateLayout.action_replicate_layout 409:Plugin executed on: 'linux'
01-17 10:21:45 com_github_MitjaNemec_ReplicateLayout.action_replicate_layout 410:Plugin executed with python version: '3.12.3 (main, Jan  8 2026, 11:30:50) [GCC 13.3.0]'
01-17 10:21:45 com_github_MitjaNemec_ReplicateLayout.action_replicate_layout 411:KiCad build version: 9.0.5-9.0.5~ubuntu24.04.1
01-17 10:21:45 com_github_MitjaNemec_ReplicateLayout.action_replicate_layout 412:Plugin version: 4.0.3
01-17 10:21:45 com_github_MitjaNemec_ReplicateLayout.action_replicate_layout 413:Frame repr: <wx._core.Frame object at 0x746722722210>
01-17 10:21:45 com_github_MitjaNemec_ReplicateLayout.action_replicate_layout 437:Preparing replicator with IC1 as a reference
01-17 10:21:45 com_github_MitjaNemec_ReplicateLayout.replicate_layout 117:getting a list of all footprints on board
01-17 10:21:45 com_github_MitjaNemec_ReplicateLayout.action_replicate_layout 485:source anchor footprint is 'IC1'
Located on: ['/TRAMOnBoard/']
With filenames: ['TRAMOnBoard.kicad_sch']
With sheet_id:['/TRAMOnBoard/']
01-17 10:21:45 com_github_MitjaNemec_ReplicateLayout.action_replicate_layout 492:Corresponding footprints are 
[('IC3', ['/TRAMOnBoard1/']), ('IC1', ['/TRAMOnBoard/'])]
01-17 10:21:45 com_github_MitjaNemec_ReplicateLayout.action_replicate_layout 504:Showing dialog
01-17 10:21:45 com_github_MitjaNemec_ReplicateLayout.replicate_layout 472:constructing a list of sheets suitable for replication on level:'/TRAMOnBoard/', file:'TRAMOnBoard.kicad_sch'
01-17 10:21:45 com_github_MitjaNemec_ReplicateLayout.replicate_layout 509:suitable sheets are:[['/TRAMOnBoard1/']]
01-17 10:21:45 com_github_MitjaNemec_ReplicateLayout.replicate_layout 1512:Level selected: ['/TRAMOnBoard/']
01-17 10:21:45 com_github_MitjaNemec_ReplicateLayout.replicate_layout 1336:Filtering list of tracks
01-17 10:21:45 com_github_MitjaNemec_ReplicateLayout.action_replicate_layout 510:Toolbar position: wx.Point(1886, 129)
01-17 10:21:45 com_github_MitjaNemec_ReplicateLayout.action_replicate_layout 515:Dialog position: wx.Point(1447, 129)
01-17 10:21:47 com_github_MitjaNemec_ReplicateLayout.replicate_layout 472:constructing a list of sheets suitable for replication on level:'/TRAMOnBoard/', file:'TRAMOnBoard.kicad_sch'
01-17 10:21:47 com_github_MitjaNemec_ReplicateLayout.replicate_layout 509:suitable sheets are:[['/TRAMOnBoard1/']]
01-17 10:21:47 com_github_MitjaNemec_ReplicateLayout.action_replicate_layout 248:Replicating layout
01-17 10:21:47 com_github_MitjaNemec_ReplicateLayout.replicate_layout 288:Starting replication of sheets: [['/TRAMOnBoard1/']]
on level: ['/TRAMOnBoard/']
with tracks=True, zone=True, text=True, text=True, intersecting=False, remove=False, locked footprints=False, group_only=False
01-17 10:21:47 root 340:updating GUI message: 'Preparing for replication'
01-17 10:21:47 com_github_MitjaNemec_ReplicateLayout.replicate_layout 358:Getting the list of source footprints
01-17 10:21:47 root 345:updating GUI with: 0
01-17 10:21:47 com_github_MitjaNemec_ReplicateLayout.replicate_layout 368:Getting the list of all the remaining footprints
01-17 10:21:47 com_github_MitjaNemec_ReplicateLayout.replicate_layout 375:Getting source tracks
01-17 10:21:47 com_github_MitjaNemec_ReplicateLayout.replicate_layout 1336:Filtering list of tracks
01-17 10:21:47 com_github_MitjaNemec_ReplicateLayout.replicate_layout 379:Getting source zones
01-17 10:21:47 com_github_MitjaNemec_ReplicateLayout.replicate_layout 383:Getting source text items
01-17 10:21:47 com_github_MitjaNemec_ReplicateLayout.replicate_layout 387:Getting source drawing items
01-17 10:21:47 root 340:updating GUI message: 'Replicating footprints'
01-17 10:21:47 com_github_MitjaNemec_ReplicateLayout.replicate_layout 863:Replicating footprints
01-17 10:21:47 root 345:updating GUI with: 0
01-17 10:21:47 com_github_MitjaNemec_ReplicateLayout.replicate_layout 870:Replicating footprints on sheet ['/TRAMOnBoard1/']
01-17 10:21:47 com_github_MitjaNemec_ReplicateLayout.replicate_layout 835:Src fp.id: 'F114EF70-FB86-4160-BDDD-3863A09C6EA6'
01-17 10:21:47 com_github_MitjaNemec_ReplicateLayout.replicate_layout 839:Dst fp.id: 'F114EF70-FB86-4160-BDDD-3863A09C6EA6'
01-17 10:21:47 com_github_MitjaNemec_ReplicateLayout.replicate_layout 888:Replicating footprint: 'JP12'
01-17 10:21:47 com_github_MitjaNemec_ReplicateLayout.replicate_layout 835:Src fp.id: 'EBACEF74-5C4D-4251-BBF1-A6215D66AD05'
01-17 10:21:47 com_github_MitjaNemec_ReplicateLayout.replicate_layout 839:Dst fp.id: 'EBACEF74-5C4D-4251-BBF1-A6215D66AD05'
01-17 10:21:47 com_github_MitjaNemec_ReplicateLayout.replicate_layout 895:found match in dst footprint: 'JP6'
01-17 10:21:47 com_github_MitjaNemec_ReplicateLayout.replicate_layout 990:Src text UUid:709cc443-f76b-477a-b560-0378ec9c100d
01-17 10:21:47 com_github_MitjaNemec_ReplicateLayout.replicate_layout 991:Dst text UUid:ff9fdfec-334a-4536-bf99-af87256e23dc
01-17 10:21:47 com_github_MitjaNemec_ReplicateLayout.replicate_layout 990:Src text UUid:15585d88-5970-4be2-8b17-bd84a4b481ab
01-17 10:21:47 com_github_MitjaNemec_ReplicateLayout.replicate_layout 991:Dst text UUid:5422b08b-bcdc-4985-8ee2-2262819ae64e
01-17 10:21:47 com_github_MitjaNemec_ReplicateLayout.replicate_layout 888:Replicating footprint: 'JP11'
01-17 10:21:47 com_github_MitjaNemec_ReplicateLayout.replicate_layout 835:Src fp.id: '6765405B-8E8B-4BFA-A8F2-AFFAAB140303'
01-17 10:21:47 com_github_MitjaNemec_ReplicateLayout.replicate_layout 839:Dst fp.id: '6765405B-8E8B-4BFA-A8F2-AFFAAB140303'
01-17 10:21:47 com_github_MitjaNemec_ReplicateLayout.replicate_layout 895:found match in dst footprint: 'JP4'
01-17 10:21:47 com_github_MitjaNemec_ReplicateLayout.replicate_layout 990:Src text UUid:525e219b-388e-45bf-b2f4-fc2482219e6e
01-17 10:21:47 com_github_MitjaNemec_ReplicateLayout.replicate_layout 991:Dst text UUid:cd6a4686-48a5-4db9-b26b-6b7d54b5349d
01-17 10:21:47 com_github_MitjaNemec_ReplicateLayout.replicate_layout 990:Src text UUid:7077e05a-b62b-4728-8994-86a028f5326c
01-17 10:21:47 com_github_MitjaNemec_ReplicateLayout.replicate_layout 991:Dst text UUid:593d9a84-d32d-4ef8-87f7-c6650a1a6061
01-17 10:21:47 com_github_MitjaNemec_ReplicateLayout.replicate_layout 888:Replicating footprint: 'JP10'
01-17 10:21:47 com_github_MitjaNemec_ReplicateLayout.replicate_layout 835:Src fp.id: 'D294D51D-3FB5-4955-BFE7-158DF9274761'
01-17 10:21:47 com_github_MitjaNemec_ReplicateLayout.replicate_layout 839:Dst fp.id: 'D294D51D-3FB5-4955-BFE7-158DF9274761'
01-17 10:21:47 com_github_MitjaNemec_ReplicateLayout.replicate_layout 895:found match in dst footprint: 'JP2'
01-17 10:21:47 com_github_MitjaNemec_ReplicateLayout.replicate_layout 990:Src text UUid:b1eb596e-d04e-4a85-9d0d-c631a99a0180
01-17 10:21:47 com_github_MitjaNemec_ReplicateLayout.replicate_layout 991:Dst text UUid:e8d3d141-49f3-45e3-bba6-eb154b489fc8
01-17 10:21:47 com_github_MitjaNemec_ReplicateLayout.replicate_layout 990:Src text UUid:d1e0b505-2e29-40d2-9d21-7d812eb006b7
01-17 10:21:47 com_github_MitjaNemec_ReplicateLayout.replicate_layout 991:Dst text UUid:f708ddab-c20e-48bf-b9c1-8fd8099062ca
01-17 10:21:47 com_github_MitjaNemec_ReplicateLayout.replicate_layout 888:Replicating footprint: 'U4'
01-17 10:21:47 com_github_MitjaNemec_ReplicateLayout.replicate_layout 835:Src fp.id: '174E8C7F-17FE-4C8E-BA14-B3AFE38A4E3B'
01-17 10:21:47 com_github_MitjaNemec_ReplicateLayout.replicate_layout 839:Dst fp.id: '174E8C7F-17FE-4C8E-BA14-B3AFE38A4E3B'
01-17 10:21:47 com_github_MitjaNemec_ReplicateLayout.replicate_layout 895:found match in dst footprint: 'U3'
01-17 10:21:47 com_github_MitjaNemec_ReplicateLayout.replicate_layout 990:Src text UUid:c2e794a1-6f0d-4383-af22-ce673473a616
01-17 10:21:47 com_github_MitjaNemec_ReplicateLayout.replicate_layout 991:Dst text UUid:213ebaa7-a093-42b2-90ba-1f365908c0ed
01-17 10:21:47 com_github_MitjaNemec_ReplicateLayout.replicate_layout 990:Src text UUid:a34eb4e4-1ecd-4074-b223-6765a43b0eea
01-17 10:21:47 com_github_MitjaNemec_ReplicateLayout.replicate_layout 991:Dst text UUid:b9353d7e-d3d4-4eec-8242-204d42e039aa
01-17 10:21:47 com_github_MitjaNemec_ReplicateLayout.replicate_layout 990:Src text UUid:1dea730e-18b6-46ee-870e-912d649ca8af
01-17 10:21:47 com_github_MitjaNemec_ReplicateLayout.replicate_layout 991:Dst text UUid:2a3c87ff-6db6-4e17-a131-d5af3f94538b
01-17 10:21:47 com_github_MitjaNemec_ReplicateLayout.replicate_layout 888:Replicating footprint: 'U2'
01-17 10:21:47 com_github_MitjaNemec_ReplicateLayout.replicate_layout 835:Src fp.id: '6D9E3625-157C-4650-B383-B81CFA7E29E0'
01-17 10:21:47 com_github_MitjaNemec_ReplicateLayout.replicate_layout 839:Dst fp.id: '6D9E3625-157C-4650-B383-B81CFA7E29E0'
01-17 10:21:47 com_github_MitjaNemec_ReplicateLayout.replicate_layout 895:found match in dst footprint: 'U5'
01-17 10:21:47 com_github_MitjaNemec_ReplicateLayout.replicate_layout 990:Src text UUid:120b63d5-a362-435c-ba57-02282225d9d7
01-17 10:21:47 com_github_MitjaNemec_ReplicateLayout.replicate_layout 991:Dst text UUid:d7a0ec83-98da-42e3-88c0-614f85131676
01-17 10:21:47 com_github_MitjaNemec_ReplicateLayout.replicate_layout 990:Src text UUid:b22305c3-9ab6-4bdb-9582-cbe2303b3b3a
01-17 10:21:47 com_github_MitjaNemec_ReplicateLayout.replicate_layout 991:Dst text UUid:ddecbd7e-712a-4af7-8bd7-0dd230f6bc61
01-17 10:21:47 com_github_MitjaNemec_ReplicateLayout.replicate_layout 990:Src text UUid:b59800e4-1002-4cfe-a9a0-96207fc659ff
01-17 10:21:47 com_github_MitjaNemec_ReplicateLayout.replicate_layout 991:Dst text UUid:2f0fe5c0-09b4-43fe-a471-0dc14aa41a49
01-17 10:21:47 com_github_MitjaNemec_ReplicateLayout.replicate_layout 888:Replicating footprint: 'T1'
01-17 10:21:47 com_github_MitjaNemec_ReplicateLayout.replicate_layout 835:Src fp.id: '869DF944-2541-44ED-B8F4-9EDB569E6275'
01-17 10:21:47 com_github_MitjaNemec_ReplicateLayout.replicate_layout 839:Dst fp.id: '869DF944-2541-44ED-B8F4-9EDB569E6275'
01-17 10:21:47 com_github_MitjaNemec_ReplicateLayout.replicate_layout 895:found match in dst footprint: 'T2'
01-17 10:21:47 com_github_MitjaNemec_ReplicateLayout.replicate_layout 990:Src text UUid:89ec3fde-25fe-42ee-97fb-733fa5d25fdb
01-17 10:21:47 com_github_MitjaNemec_ReplicateLayout.replicate_layout 991:Dst text UUid:0096d3eb-2eff-4452-8603-da443c1d8ba5
01-17 10:21:47 com_github_MitjaNemec_ReplicateLayout.replicate_layout 990:Src text UUid:f3158042-20bf-40de-a0fa-8347ed1a658a
01-17 10:21:47 com_github_MitjaNemec_ReplicateLayout.replicate_layout 991:Dst text UUid:ce9561d0-f547-43b6-b31e-2c28234ce5a9
01-17 10:21:47 com_github_MitjaNemec_ReplicateLayout.replicate_layout 990:Src text UUid:a00fe40e-edd7-4a2a-9295-31b6ae349f5e
01-17 10:21:47 com_github_MitjaNemec_ReplicateLayout.replicate_layout 991:Dst text UUid:13e2e26f-8f01-4c1c-8124-13023592727f
01-17 10:21:47 com_github_MitjaNemec_ReplicateLayout.replicate_layout 888:Replicating footprint: 'R104'
01-17 10:21:47 com_github_MitjaNemec_ReplicateLayout.replicate_layout 835:Src fp.id: '2A4B15E4-7D37-473A-B8AE-337BB397A078'
01-17 10:21:47 com_github_MitjaNemec_ReplicateLayout.replicate_layout 839:Dst fp.id: '2A4B15E4-7D37-473A-B8AE-337BB397A078'
01-17 10:21:47 com_github_MitjaNemec_ReplicateLayout.replicate_layout 895:found match in dst footprint: 'R17'
01-17 10:21:47 com_github_MitjaNemec_ReplicateLayout.replicate_layout 990:Src text UUid:3919ccd7-af97-4956-86ef-5ec68006e816
01-17 10:21:47 com_github_MitjaNemec_ReplicateLayout.replicate_layout 991:Dst text UUid:bbcf5d8c-036a-44ba-971c-a935969c7876
01-17 10:21:47 com_github_MitjaNemec_ReplicateLayout.replicate_layout 990:Src text UUid:5c6ef506-39d5-42f4-b9db-6eaf45dbc433
01-17 10:21:47 com_github_MitjaNemec_ReplicateLayout.replicate_layout 991:Dst text UUid:375d15ec-d784-4019-98f2-72d38611d203
01-17 10:21:47 com_github_MitjaNemec_ReplicateLayout.replicate_layout 990:Src text UUid:0973a03c-a260-43ea-b209-dc8302567359
01-17 10:21:47 com_github_MitjaNemec_ReplicateLayout.replicate_layout 991:Dst text UUid:256d74ac-fcc4-4c44-9552-f62318a3dfc9
01-17 10:21:47 com_github_MitjaNemec_ReplicateLayout.replicate_layout 888:Replicating footprint: 'R103'
01-17 10:21:47 com_github_MitjaNemec_ReplicateLayout.replicate_layout 835:Src fp.id: 'AC701E33-4BF0-41B0-862C-A3031DE84D9F'
01-17 10:21:47 com_github_MitjaNemec_ReplicateLayout.replicate_layout 839:Dst fp.id: 'AC701E33-4BF0-41B0-862C-A3031DE84D9F'
01-17 10:21:47 com_github_MitjaNemec_ReplicateLayout.replicate_layout 895:found match in dst footprint: 'R16'
01-17 10:21:47 com_github_MitjaNemec_ReplicateLayout.replicate_layout 990:Src text UUid:1db539a7-ed5d-4724-9963-063bd01e9e48
01-17 10:21:47 com_github_MitjaNemec_ReplicateLayout.replicate_layout 991:Dst text UUid:b730e211-519c-40cf-aff3-85d3f5863712
01-17 10:21:47 com_github_MitjaNemec_ReplicateLayout.replicate_layout 990:Src text UUid:50ba870a-06e5-4597-baa4-5e5e19e5d84a
01-17 10:21:47 com_github_MitjaNemec_ReplicateLayout.replicate_layout 991:Dst text UUid:25154a16-4d15-476f-80a7-89c8e497d98b
01-17 10:21:47 com_github_MitjaNemec_ReplicateLayout.replicate_layout 990:Src text UUid:850d274f-7d10-4cbf-81a9-b292f2775ffa
01-17 10:21:47 com_github_MitjaNemec_ReplicateLayout.replicate_layout 991:Dst text UUid:41474460-8f90-4a56-a75b-76339c9a0197
01-17 10:21:47 com_github_MitjaNemec_ReplicateLayout.replicate_layout 888:Replicating footprint: 'R12'
01-17 10:21:47 com_github_MitjaNemec_ReplicateLayout.replicate_layout 835:Src fp.id: '92570EAF-3EBC-4225-B123-1705365A1DAD'
01-17 10:21:47 com_github_MitjaNemec_ReplicateLayout.replicate_layout 839:Dst fp.id: '92570EAF-3EBC-4225-B123-1705365A1DAD'
01-17 10:21:47 com_github_MitjaNemec_ReplicateLayout.replicate_layout 895:found match in dst footprint: 'R26'
01-17 10:21:47 com_github_MitjaNemec_ReplicateLayout.replicate_layout 990:Src text UUid:f2ad002d-c9f6-4410-9067-924633d75584
01-17 10:21:47 com_github_MitjaNemec_ReplicateLayout.replicate_layout 991:Dst text UUid:50390d05-93e6-48b6-aff0-afec364edf8d
01-17 10:21:47 com_github_MitjaNemec_ReplicateLayout.replicate_layout 990:Src text UUid:b5fe45af-92f3-4a06-8bb6-ef2540be6350
01-17 10:21:47 com_github_MitjaNemec_ReplicateLayout.replicate_layout 991:Dst text UUid:38a18303-b3b0-4940-8c41-1e585ad62ea1
01-17 10:21:47 com_github_MitjaNemec_ReplicateLayout.replicate_layout 990:Src text UUid:9e2e7216-e67e-4159-8eb2-021193a2d87f
01-17 10:21:47 com_github_MitjaNemec_ReplicateLayout.replicate_layout 991:Dst text UUid:1d793e3d-cd8a-43c3-8284-9bf305990fbe
01-17 10:21:47 com_github_MitjaNemec_ReplicateLayout.replicate_layout 888:Replicating footprint: 'R11'
01-17 10:21:47 com_github_MitjaNemec_ReplicateLayout.replicate_layout 835:Src fp.id: '29B19BA1-E138-43AD-9470-278AC56EB06A'
01-17 10:21:47 com_github_MitjaNemec_ReplicateLayout.replicate_layout 839:Dst fp.id: '29B19BA1-E138-43AD-9470-278AC56EB06A'
01-17 10:21:47 com_github_MitjaNemec_ReplicateLayout.replicate_layout 895:found match in dst footprint: 'R25'
01-17 10:21:47 com_github_MitjaNemec_ReplicateLayout.replicate_layout 990:Src text UUid:a6527446-1c2e-435d-a460-f6a5863448ab
01-17 10:21:47 com_github_MitjaNemec_ReplicateLayout.replicate_layout 991:Dst text UUid:32353558-6be4-402d-bfcb-334064716468
01-17 10:21:47 com_github_MitjaNemec_ReplicateLayout.replicate_layout 990:Src text UUid:c0923ce3-65c3-42a6-981a-20b3643ff8f4
01-17 10:21:47 com_github_MitjaNemec_ReplicateLayout.replicate_layout 991:Dst text UUid:b49c0391-00fd-4c94-853e-764dbd87b8e2
01-17 10:21:47 com_github_MitjaNemec_ReplicateLayout.replicate_layout 990:Src text UUid:f5b0a0a5-9437-4351-894a-e2129d65367a
01-17 10:21:47 com_github_MitjaNemec_ReplicateLayout.replicate_layout 991:Dst text UUid:1596e49b-b920-4c01-b370-65a4cc78baf3
01-17 10:21:47 com_github_MitjaNemec_ReplicateLayout.replicate_layout 888:Replicating footprint: 'R10'
01-17 10:21:47 com_github_MitjaNemec_ReplicateLayout.replicate_layout 835:Src fp.id: '105A52FC-8041-4EC3-B825-4D5B803F3345'
01-17 10:21:47 com_github_MitjaNemec_ReplicateLayout.replicate_layout 839:Dst fp.id: '105A52FC-8041-4EC3-B825-4D5B803F3345'
01-17 10:21:47 com_github_MitjaNemec_ReplicateLayout.replicate_layout 895:found match in dst footprint: 'R24'
01-17 10:21:47 com_github_MitjaNemec_ReplicateLayout.replicate_layout 990:Src text UUid:ac370d6f-a4d4-4849-a4b0-74b29af368a5
01-17 10:21:47 com_github_MitjaNemec_ReplicateLayout.replicate_layout 991:Dst text UUid:87f83724-79ba-4ab5-aa14-104443df102c
01-17 10:21:47 com_github_MitjaNemec_ReplicateLayout.replicate_layout 990:Src text UUid:235d565a-1ee2-44d7-b04e-495b5551873c
01-17 10:21:47 com_github_MitjaNemec_ReplicateLayout.replicate_layout 991:Dst text UUid:e88e2418-843b-44a2-b661-f58b2c8ecff0
01-17 10:21:47 com_github_MitjaNemec_ReplicateLayout.replicate_layout 990:Src text UUid:f80aa315-f47f-4d98-8316-06df2c6369ce
01-17 10:21:47 com_github_MitjaNemec_ReplicateLayout.replicate_layout 991:Dst text UUid:149d582a-7f75-41a4-9196-55bb08076181
01-17 10:21:47 com_github_MitjaNemec_ReplicateLayout.replicate_layout 888:Replicating footprint: 'R9'
01-17 10:21:47 com_github_MitjaNemec_ReplicateLayout.replicate_layout 835:Src fp.id: '80C7E74E-0959-4DD0-B4C5-0C6ECE62210B'
01-17 10:21:47 com_github_MitjaNemec_ReplicateLayout.replicate_layout 839:Dst fp.id: '80C7E74E-0959-4DD0-B4C5-0C6ECE62210B'
01-17 10:21:47 com_github_MitjaNemec_ReplicateLayout.replicate_layout 895:found match in dst footprint: 'R23'
01-17 10:21:47 com_github_MitjaNemec_ReplicateLayout.replicate_layout 990:Src text UUid:c786ffd5-b9d7-4a40-9614-7a04538c6982
01-17 10:21:47 com_github_MitjaNemec_ReplicateLayout.replicate_layout 991:Dst text UUid:4ab574a2-f07c-435c-94ff-1a8c5fb36fa3
01-17 10:21:47 com_github_MitjaNemec_ReplicateLayout.replicate_layout 990:Src text UUid:163fecd6-6a9e-49ff-bb0c-894912ef2240
01-17 10:21:47 com_github_MitjaNemec_ReplicateLayout.replicate_layout 991:Dst text UUid:53626906-9c9a-4833-8f3c-a9919a849b45
01-17 10:21:47 com_github_MitjaNemec_ReplicateLayout.replicate_layout 990:Src text UUid:84024944-966a-492c-8dc3-b5f673ea7276
01-17 10:21:47 com_github_MitjaNemec_ReplicateLayout.replicate_layout 991:Dst text UUid:8c1bfc2a-1c4a-4679-9ea6-efdc31bf3c75
01-17 10:21:47 com_github_MitjaNemec_ReplicateLayout.replicate_layout 888:Replicating footprint: 'R8'
01-17 10:21:47 com_github_MitjaNemec_ReplicateLayout.replicate_layout 835:Src fp.id: '08107E55-62B8-43AC-BB1D-D79FB69E6D1D'
01-17 10:21:47 com_github_MitjaNemec_ReplicateLayout.replicate_layout 839:Dst fp.id: '08107E55-62B8-43AC-BB1D-D79FB69E6D1D'
01-17 10:21:47 com_github_MitjaNemec_ReplicateLayout.replicate_layout 895:found match in dst footprint: 'R21'
01-17 10:21:47 com_github_MitjaNemec_ReplicateLayout.replicate_layout 990:Src text UUid:0643a68f-44f3-432c-9c64-a279a4046de9
01-17 10:21:47 com_github_MitjaNemec_ReplicateLayout.replicate_layout 991:Dst text UUid:90291115-d6d4-499a-9338-4abe7d107205
01-17 10:21:47 com_github_MitjaNemec_ReplicateLayout.replicate_layout 990:Src text UUid:444cfa12-55bd-497e-a7c3-b4a7512ec55b
01-17 10:21:47 com_github_MitjaNemec_ReplicateLayout.replicate_layout 991:Dst text UUid:5a900a27-ecd3-42cf-9ce0-14ac86cc1c59
01-17 10:21:47 com_github_MitjaNemec_ReplicateLayout.replicate_layout 990:Src text UUid:43b3e2d4-f8f6-407a-a68d-92a4405493af
01-17 10:21:47 com_github_MitjaNemec_ReplicateLayout.replicate_layout 991:Dst text UUid:d77f7131-ccf3-43ac-a529-824a5e2cf332
01-17 10:21:47 com_github_MitjaNemec_ReplicateLayout.replicate_layout 888:Replicating footprint: 'R7'
01-17 10:21:47 com_github_MitjaNemec_ReplicateLayout.replicate_layout 835:Src fp.id: 'C0DBF6A2-D1F2-4374-B348-12250923905D'
01-17 10:21:47 com_github_MitjaNemec_ReplicateLayout.replicate_layout 839:Dst fp.id: 'C0DBF6A2-D1F2-4374-B348-12250923905D'
01-17 10:21:47 com_github_MitjaNemec_ReplicateLayout.replicate_layout 895:found match in dst footprint: 'R20'
01-17 10:21:47 com_github_MitjaNemec_ReplicateLayout.replicate_layout 990:Src text UUid:1a2215ea-2285-4d56-8250-a05e26c28b7a
01-17 10:21:47 com_github_MitjaNemec_ReplicateLayout.replicate_layout 991:Dst text UUid:300c536b-94c8-4ff6-8fdf-9cae54948e9f
01-17 10:21:47 com_github_MitjaNemec_ReplicateLayout.replicate_layout 990:Src text UUid:3d2128d9-7ede-41c4-a2c3-15f549ac7be1
01-17 10:21:47 com_github_MitjaNemec_ReplicateLayout.replicate_layout 991:Dst text UUid:96ddb29c-dc3d-4ef9-b486-ede8ccfcbf8a
01-17 10:21:47 com_github_MitjaNemec_ReplicateLayout.replicate_layout 990:Src text UUid:c39156da-b3f6-4ce4-88fb-31c31a531e0e
01-17 10:21:47 com_github_MitjaNemec_ReplicateLayout.replicate_layout 991:Dst text UUid:9d3e4f3b-081d-401a-91d7-fa8cf3b79d90
01-17 10:21:47 com_github_MitjaNemec_ReplicateLayout.replicate_layout 888:Replicating footprint: 'R6'
01-17 10:21:47 com_github_MitjaNemec_ReplicateLayout.replicate_layout 835:Src fp.id: '1C0D9513-7339-4602-88A2-8C63C1C076EF'
01-17 10:21:47 com_github_MitjaNemec_ReplicateLayout.replicate_layout 839:Dst fp.id: '1C0D9513-7339-4602-88A2-8C63C1C076EF'
01-17 10:21:47 com_github_MitjaNemec_ReplicateLayout.replicate_layout 895:found match in dst footprint: 'R19'
01-17 10:21:47 com_github_MitjaNemec_ReplicateLayout.replicate_layout 990:Src text UUid:e0a986a4-15c1-4854-94ff-05609e84798d
01-17 10:21:47 com_github_MitjaNemec_ReplicateLayout.replicate_layout 991:Dst text UUid:891e9283-a548-46cc-bd70-5f8a6cacb29f
01-17 10:21:47 com_github_MitjaNemec_ReplicateLayout.replicate_layout 990:Src text UUid:e59d685d-7451-4292-a04c-8e17e280e271
01-17 10:21:47 com_github_MitjaNemec_ReplicateLayout.replicate_layout 991:Dst text UUid:d60182ea-d2c9-46a7-8c1c-2818de943640
01-17 10:21:47 com_github_MitjaNemec_ReplicateLayout.replicate_layout 990:Src text UUid:592d8951-f851-453d-af6a-b328c0bb3d4e
01-17 10:21:47 com_github_MitjaNemec_ReplicateLayout.replicate_layout 991:Dst text UUid:6ff9a567-9d37-4f91-8b0f-4bd9e300e80f
01-17 10:21:47 com_github_MitjaNemec_ReplicateLayout.replicate_layout 888:Replicating footprint: 'R5'
01-17 10:21:47 com_github_MitjaNemec_ReplicateLayout.replicate_layout 835:Src fp.id: '4A6E761C-1178-4BBD-8A02-1F4980AABBD3'
01-17 10:21:47 com_github_MitjaNemec_ReplicateLayout.replicate_layout 839:Dst fp.id: '4A6E761C-1178-4BBD-8A02-1F4980AABBD3'
01-17 10:21:47 com_github_MitjaNemec_ReplicateLayout.replicate_layout 895:found match in dst footprint: 'R18'
01-17 10:21:47 com_github_MitjaNemec_ReplicateLayout.replicate_layout 990:Src text UUid:cc512204-7079-4970-98f5-425b1c4044d4
01-17 10:21:47 com_github_MitjaNemec_ReplicateLayout.replicate_layout 991:Dst text UUid:44ae1615-8b36-474d-a9af-b42ab1a0b6dd
01-17 10:21:47 com_github_MitjaNemec_ReplicateLayout.replicate_layout 990:Src text UUid:728f1624-4bd5-4a3d-9fc5-f79cbf5f4002
01-17 10:21:47 com_github_MitjaNemec_ReplicateLayout.replicate_layout 991:Dst text UUid:53992a27-f762-4d91-8669-12352b2aae6f
01-17 10:21:47 com_github_MitjaNemec_ReplicateLayout.replicate_layout 990:Src text UUid:a3ed221a-d73b-4d88-85f4-1d7eb9e0e384
01-17 10:21:47 com_github_MitjaNemec_ReplicateLayout.replicate_layout 991:Dst text UUid:6ece123b-9eff-4077-812a-30152316252c
01-17 10:21:47 com_github_MitjaNemec_ReplicateLayout.replicate_layout 888:Replicating footprint: 'R4'
01-17 10:21:47 com_github_MitjaNemec_ReplicateLayout.replicate_layout 835:Src fp.id: '04B066AF-7A0C-4004-A549-6FA91401A38C'
01-17 10:21:47 com_github_MitjaNemec_ReplicateLayout.replicate_layout 839:Dst fp.id: '04B066AF-7A0C-4004-A549-6FA91401A38C'
01-17 10:21:47 com_github_MitjaNemec_ReplicateLayout.replicate_layout 895:found match in dst footprint: 'R15'
01-17 10:21:47 com_github_MitjaNemec_ReplicateLayout.replicate_layout 990:Src text UUid:a858ec18-722d-426b-b328-42bd15ac2bf9
01-17 10:21:47 com_github_MitjaNemec_ReplicateLayout.replicate_layout 991:Dst text UUid:f5bc855a-de42-4a51-b886-7394cb7611d5
01-17 10:21:47 com_github_MitjaNemec_ReplicateLayout.replicate_layout 990:Src text UUid:96b0d371-97d2-4d16-bdf9-396a94ad2d9b
01-17 10:21:47 com_github_MitjaNemec_ReplicateLayout.replicate_layout 991:Dst text UUid:e1e74a62-cb1d-4baa-ade0-87753b5df054
01-17 10:21:47 com_github_MitjaNemec_ReplicateLayout.replicate_layout 990:Src text UUid:6a5fccbb-c2f2-4cfe-b9ce-0fdf2ed10d64
01-17 10:21:47 com_github_MitjaNemec_ReplicateLayout.replicate_layout 991:Dst text UUid:19e734e6-1eaf-4165-8fbf-afed0661698f
01-17 10:21:47 com_github_MitjaNemec_ReplicateLayout.replicate_layout 888:Replicating footprint: 'R3'
01-17 10:21:47 com_github_MitjaNemec_ReplicateLayout.replicate_layout 835:Src fp.id: '7FD35E81-9BF5-4AAE-9D61-DED48578303A'
01-17 10:21:47 com_github_MitjaNemec_ReplicateLayout.replicate_layout 839:Dst fp.id: '7FD35E81-9BF5-4AAE-9D61-DED48578303A'
01-17 10:21:47 com_github_MitjaNemec_ReplicateLayout.replicate_layout 895:found match in dst footprint: 'R13'
01-17 10:21:47 com_github_MitjaNemec_ReplicateLayout.replicate_layout 990:Src text UUid:cc6b2560-103f-4792-94a5-a6ea9cfc8314
01-17 10:21:47 com_github_MitjaNemec_ReplicateLayout.replicate_layout 991:Dst text UUid:84f16d4e-a50f-49bb-be9a-ca9490ec58f7
01-17 10:21:47 com_github_MitjaNemec_ReplicateLayout.replicate_layout 990:Src text UUid:358e4557-3d55-4810-a387-dbdb2d396940
01-17 10:21:47 com_github_MitjaNemec_ReplicateLayout.replicate_layout 991:Dst text UUid:2b913d0d-a617-43b8-bb6e-4d71412b495f
01-17 10:21:47 com_github_MitjaNemec_ReplicateLayout.replicate_layout 990:Src text UUid:c51da361-daa3-4aae-8740-35e386cf5b7d
01-17 10:21:47 com_github_MitjaNemec_ReplicateLayout.replicate_layout 991:Dst text UUid:1946e871-45e2-4b3b-9c84-476f7cd7c093
01-17 10:21:47 com_github_MitjaNemec_ReplicateLayout.replicate_layout 888:Replicating footprint: 'IC7'
01-17 10:21:47 com_github_MitjaNemec_ReplicateLayout.replicate_layout 835:Src fp.id: '8599FA2B-21F3-430C-8157-8F3F182A1BAA'
01-17 10:21:47 com_github_MitjaNemec_ReplicateLayout.replicate_layout 839:Dst fp.id: '8599FA2B-21F3-430C-8157-8F3F182A1BAA'
01-17 10:21:47 com_github_MitjaNemec_ReplicateLayout.replicate_layout 895:found match in dst footprint: 'IC11'
01-17 10:21:47 com_github_MitjaNemec_ReplicateLayout.replicate_layout 990:Src text UUid:a136ffa8-1a8e-4fa7-afee-4fc1d2ccdc13
01-17 10:21:47 com_github_MitjaNemec_ReplicateLayout.replicate_layout 991:Dst text UUid:8ac845c5-aa2b-4728-b191-4b306fed6ab2
01-17 10:21:47 com_github_MitjaNemec_ReplicateLayout.replicate_layout 990:Src text UUid:8805ff55-2b17-4280-9fdc-4e1b20ea8b23
01-17 10:21:47 com_github_MitjaNemec_ReplicateLayout.replicate_layout 991:Dst text UUid:b075e5d4-9fe0-4fe9-bfdd-27470119df3e
01-17 10:21:47 com_github_MitjaNemec_ReplicateLayout.replicate_layout 990:Src text UUid:b35e3c13-4b40-4db5-94bc-df68c23be2b1
01-17 10:21:47 com_github_MitjaNemec_ReplicateLayout.replicate_layout 991:Dst text UUid:3fbb1350-c334-4304-8519-df42f1b6cc76
01-17 10:21:47 com_github_MitjaNemec_ReplicateLayout.replicate_layout 888:Replicating footprint: 'IC6'
01-17 10:21:47 com_github_MitjaNemec_ReplicateLayout.replicate_layout 835:Src fp.id: 'A23DCB42-6C3E-4073-9E87-06590B2EB58B'
01-17 10:21:47 com_github_MitjaNemec_ReplicateLayout.replicate_layout 839:Dst fp.id: 'A23DCB42-6C3E-4073-9E87-06590B2EB58B'
01-17 10:21:47 com_github_MitjaNemec_ReplicateLayout.replicate_layout 895:found match in dst footprint: 'IC10'
01-17 10:21:47 com_github_MitjaNemec_ReplicateLayout.replicate_layout 990:Src text UUid:c0648dda-2399-4c85-a4a9-71c5fc17265e
01-17 10:21:47 com_github_MitjaNemec_ReplicateLayout.replicate_layout 991:Dst text UUid:2d21a052-5a53-405a-be98-5ad922892afd
01-17 10:21:47 com_github_MitjaNemec_ReplicateLayout.replicate_layout 990:Src text UUid:1b7b1650-0b6b-4576-aa24-1fad17c2db92
01-17 10:21:47 com_github_MitjaNemec_ReplicateLayout.replicate_layout 991:Dst text UUid:4459fdef-df2d-499e-abb8-0fc1c14c96b3
01-17 10:21:47 com_github_MitjaNemec_ReplicateLayout.replicate_layout 990:Src text UUid:ca16fc45-2592-47df-8ad9-875e21d1840b
01-17 10:21:47 com_github_MitjaNemec_ReplicateLayout.replicate_layout 991:Dst text UUid:33b58743-4a4b-408b-9690-478bc63a6584
01-17 10:21:47 com_github_MitjaNemec_ReplicateLayout.replicate_layout 888:Replicating footprint: 'IC5'
01-17 10:21:47 com_github_MitjaNemec_ReplicateLayout.replicate_layout 835:Src fp.id: 'C6AEC863-B9CD-4DF5-862E-4FB739CBDD22'
01-17 10:21:47 com_github_MitjaNemec_ReplicateLayout.replicate_layout 839:Dst fp.id: 'C6AEC863-B9CD-4DF5-862E-4FB739CBDD22'
01-17 10:21:47 com_github_MitjaNemec_ReplicateLayout.replicate_layout 895:found match in dst footprint: 'IC9'
01-17 10:21:47 com_github_MitjaNemec_ReplicateLayout.replicate_layout 990:Src text UUid:dd564bde-93e6-458d-b4a4-f1b1995819e5
01-17 10:21:47 com_github_MitjaNemec_ReplicateLayout.replicate_layout 991:Dst text UUid:d8e79235-04d3-4f05-b6ff-ab7a5e3b5a74
01-17 10:21:47 com_github_MitjaNemec_ReplicateLayout.replicate_layout 990:Src text UUid:eafbad60-cbf8-4e9e-8e66-98e68d06acd2
01-17 10:21:47 com_github_MitjaNemec_ReplicateLayout.replicate_layout 991:Dst text UUid:66407d55-d589-4786-8c76-782fa07ad41a
01-17 10:21:47 com_github_MitjaNemec_ReplicateLayout.replicate_layout 990:Src text UUid:5c5d7f54-4d73-4d0c-a8f6-f7647284767c
01-17 10:21:47 com_github_MitjaNemec_ReplicateLayout.replicate_layout 991:Dst text UUid:15fdc872-69ae-4755-9110-9495ccc7fb13
01-17 10:21:47 com_github_MitjaNemec_ReplicateLayout.replicate_layout 888:Replicating footprint: 'IC4'
01-17 10:21:47 com_github_MitjaNemec_ReplicateLayout.replicate_layout 835:Src fp.id: 'BDD3CEF8-AB48-4F91-A4B6-7DDBD7BA6D44'
01-17 10:21:47 com_github_MitjaNemec_ReplicateLayout.replicate_layout 839:Dst fp.id: 'BDD3CEF8-AB48-4F91-A4B6-7DDBD7BA6D44'
01-17 10:21:47 com_github_MitjaNemec_ReplicateLayout.replicate_layout 895:found match in dst footprint: 'IC8'
01-17 10:21:47 com_github_MitjaNemec_ReplicateLayout.replicate_layout 990:Src text UUid:72d0b17e-d6de-4b24-9e85-3c799f7c36df
01-17 10:21:47 com_github_MitjaNemec_ReplicateLayout.replicate_layout 991:Dst text UUid:a52bfe8d-7b40-4f26-be1d-dd2c554f3faa
01-17 10:21:47 com_github_MitjaNemec_ReplicateLayout.replicate_layout 990:Src text UUid:719b90c8-4b56-4f78-b7c5-f07ff7c52b25
01-17 10:21:47 com_github_MitjaNemec_ReplicateLayout.replicate_layout 991:Dst text UUid:a0791b8c-f030-4c5c-8727-0a65a8a80cdd
01-17 10:21:47 com_github_MitjaNemec_ReplicateLayout.replicate_layout 990:Src text UUid:82f5ebb8-4162-45d2-8896-9d17ae818ce1
01-17 10:21:47 com_github_MitjaNemec_ReplicateLayout.replicate_layout 991:Dst text UUid:b8f72390-3b2a-4805-beb3-9a713de31ccd
01-17 10:21:47 com_github_MitjaNemec_ReplicateLayout.replicate_layout 888:Replicating footprint: 'IC1'
01-17 10:21:47 com_github_MitjaNemec_ReplicateLayout.replicate_layout 835:Src fp.id: 'F114EF70-FB86-4160-BDDD-3863A09C6EA6'
01-17 10:21:47 com_github_MitjaNemec_ReplicateLayout.replicate_layout 839:Dst fp.id: 'F114EF70-FB86-4160-BDDD-3863A09C6EA6'
01-17 10:21:47 com_github_MitjaNemec_ReplicateLayout.replicate_layout 895:found match in dst footprint: 'IC3'
01-17 10:21:47 com_github_MitjaNemec_ReplicateLayout.replicate_layout 990:Src text UUid:153dde43-4b07-4853-82fd-6cde812f4406
01-17 10:21:47 com_github_MitjaNemec_ReplicateLayout.replicate_layout 991:Dst text UUid:e0f732fd-0a90-4ad1-9720-2e60fd32d4e9
01-17 10:21:47 com_github_MitjaNemec_ReplicateLayout.replicate_layout 990:Src text UUid:3b4c5506-004c-4e8f-a0c5-f747233fed55
01-17 10:21:47 com_github_MitjaNemec_ReplicateLayout.replicate_layout 991:Dst text UUid:b0484b36-16e3-47f6-a996-653aaae4aa63
01-17 10:21:47 com_github_MitjaNemec_ReplicateLayout.replicate_layout 888:Replicating footprint: 'D2'
01-17 10:21:47 com_github_MitjaNemec_ReplicateLayout.replicate_layout 835:Src fp.id: '5034C7A2-F0CF-456A-BE0F-9A92DFFF6FBF'
01-17 10:21:47 com_github_MitjaNemec_ReplicateLayout.replicate_layout 839:Dst fp.id: '5034C7A2-F0CF-456A-BE0F-9A92DFFF6FBF'
01-17 10:21:47 com_github_MitjaNemec_ReplicateLayout.replicate_layout 895:found match in dst footprint: 'D4'
01-17 10:21:47 com_github_MitjaNemec_ReplicateLayout.replicate_layout 990:Src text UUid:6b1cdbcb-dcf9-480c-897b-7b8cfc7079dd
01-17 10:21:47 com_github_MitjaNemec_ReplicateLayout.replicate_layout 991:Dst text UUid:38ef0f6e-1684-4503-8bb6-c86401577f66
01-17 10:21:47 com_github_MitjaNemec_ReplicateLayout.replicate_layout 990:Src text UUid:c92c9682-8003-40ed-aee9-5e0ecf079d0b
01-17 10:21:47 com_github_MitjaNemec_ReplicateLayout.replicate_layout 991:Dst text UUid:a3237f6c-b3ed-4715-8773-0424977def70
01-17 10:21:47 com_github_MitjaNemec_ReplicateLayout.replicate_layout 990:Src text UUid:f1c71b0b-d746-49ac-b54e-491c370b334c
01-17 10:21:47 com_github_MitjaNemec_ReplicateLayout.replicate_layout 991:Dst text UUid:2fd66f4e-642e-4cae-bc7b-a9d311a8fa73
01-17 10:21:47 com_github_MitjaNemec_ReplicateLayout.replicate_layout 888:Replicating footprint: 'D1'
01-17 10:21:47 com_github_MitjaNemec_ReplicateLayout.replicate_layout 835:Src fp.id: 'ED4E47AF-41D2-49CF-A343-63F385E08227'
01-17 10:21:47 com_github_MitjaNemec_ReplicateLayout.replicate_layout 839:Dst fp.id: 'ED4E47AF-41D2-49CF-A343-63F385E08227'
01-17 10:21:47 com_github_MitjaNemec_ReplicateLayout.replicate_layout 895:found match in dst footprint: 'D3'
01-17 10:21:47 com_github_MitjaNemec_ReplicateLayout.replicate_layout 990:Src text UUid:e866b5fc-3e19-4db5-a10a-48903c9cfaba
01-17 10:21:47 com_github_MitjaNemec_ReplicateLayout.replicate_layout 991:Dst text UUid:89ec5abd-4260-4d8f-8572-6ac7f8f9dd63
01-17 10:21:47 com_github_MitjaNemec_ReplicateLayout.replicate_layout 990:Src text UUid:2a73a53a-b755-4f10-a484-807c1a50ae15
01-17 10:21:47 com_github_MitjaNemec_ReplicateLayout.replicate_layout 991:Dst text UUid:fefe6063-26dc-43bb-b888-9833fda0629a
01-17 10:21:47 com_github_MitjaNemec_ReplicateLayout.replicate_layout 990:Src text UUid:455eb4df-295f-408b-a43c-db3fadef8de8
01-17 10:21:47 com_github_MitjaNemec_ReplicateLayout.replicate_layout 991:Dst text UUid:67d9cb0f-d82a-485d-bd08-2113b4a25949
01-17 10:21:47 com_github_MitjaNemec_ReplicateLayout.replicate_layout 888:Replicating footprint: 'C11'
01-17 10:21:47 com_github_MitjaNemec_ReplicateLayout.replicate_layout 835:Src fp.id: '350BF6C4-8A8A-4FB2-8892-78A180F22621'
01-17 10:21:47 com_github_MitjaNemec_ReplicateLayout.replicate_layout 839:Dst fp.id: '350BF6C4-8A8A-4FB2-8892-78A180F22621'
01-17 10:21:47 com_github_MitjaNemec_ReplicateLayout.replicate_layout 895:found match in dst footprint: 'C18'
01-17 10:21:47 com_github_MitjaNemec_ReplicateLayout.replicate_layout 990:Src text UUid:88e5b0bf-3fac-47f8-838c-c1fca0822dcb
01-17 10:21:47 com_github_MitjaNemec_ReplicateLayout.replicate_layout 991:Dst text UUid:e1602e62-ca69-41d4-ad4d-8f76f29a7554
01-17 10:21:47 com_github_MitjaNemec_ReplicateLayout.replicate_layout 990:Src text UUid:48b9478b-e88a-4bd2-a690-29f799efd7a5
01-17 10:21:47 com_github_MitjaNemec_ReplicateLayout.replicate_layout 991:Dst text UUid:362926dc-9c18-46db-86b2-87cabed306b1
01-17 10:21:47 com_github_MitjaNemec_ReplicateLayout.replicate_layout 990:Src text UUid:d550fe9e-41fe-40a5-90d6-8e7a35d48c65
01-17 10:21:47 com_github_MitjaNemec_ReplicateLayout.replicate_layout 991:Dst text UUid:48ea2713-6ef0-4305-9d6b-96b860535708
01-17 10:21:47 com_github_MitjaNemec_ReplicateLayout.replicate_layout 888:Replicating footprint: 'C10'
01-17 10:21:47 com_github_MitjaNemec_ReplicateLayout.replicate_layout 835:Src fp.id: '0EE526BF-90A0-4EA6-BDB1-BCD6047B94F8'
01-17 10:21:47 com_github_MitjaNemec_ReplicateLayout.replicate_layout 839:Dst fp.id: '0EE526BF-90A0-4EA6-BDB1-BCD6047B94F8'
01-17 10:21:47 com_github_MitjaNemec_ReplicateLayout.replicate_layout 895:found match in dst footprint: 'C17'
01-17 10:21:47 com_github_MitjaNemec_ReplicateLayout.replicate_layout 990:Src text UUid:bae39492-9a9d-4291-ae95-3a26b3f336f6
01-17 10:21:47 com_github_MitjaNemec_ReplicateLayout.replicate_layout 991:Dst text UUid:953a7e92-491e-438b-8a5e-fa9524f7706c
01-17 10:21:47 com_github_MitjaNemec_ReplicateLayout.replicate_layout 990:Src text UUid:123331df-e34e-437a-af12-822a03d2ef60
01-17 10:21:47 com_github_MitjaNemec_ReplicateLayout.replicate_layout 991:Dst text UUid:c90ccc67-de89-46bd-9f67-3318f115a72f
01-17 10:21:47 com_github_MitjaNemec_ReplicateLayout.replicate_layout 990:Src text UUid:e460366f-6c2f-462c-916b-f48e62e133f7
01-17 10:21:47 com_github_MitjaNemec_ReplicateLayout.replicate_layout 991:Dst text UUid:f4db8c36-e2be-419f-8e60-bed55dea8aef
01-17 10:21:47 com_github_MitjaNemec_ReplicateLayout.replicate_layout 888:Replicating footprint: 'C9'
01-17 10:21:47 com_github_MitjaNemec_ReplicateLayout.replicate_layout 835:Src fp.id: '7E1CC32E-916F-49D9-AE9C-FED3B3C79A64'
01-17 10:21:47 com_github_MitjaNemec_ReplicateLayout.replicate_layout 839:Dst fp.id: '7E1CC32E-916F-49D9-AE9C-FED3B3C79A64'
01-17 10:21:47 com_github_MitjaNemec_ReplicateLayout.replicate_layout 895:found match in dst footprint: 'C16'
01-17 10:21:47 com_github_MitjaNemec_ReplicateLayout.replicate_layout 990:Src text UUid:8448afad-77c0-4e01-a9b2-a5d47c163fd1
01-17 10:21:47 com_github_MitjaNemec_ReplicateLayout.replicate_layout 991:Dst text UUid:21e703c6-6de5-4021-a949-735e29da3b55
01-17 10:21:47 com_github_MitjaNemec_ReplicateLayout.replicate_layout 990:Src text UUid:267158bd-42df-4050-b0a7-3f8e95f3aeef
01-17 10:21:47 com_github_MitjaNemec_ReplicateLayout.replicate_layout 991:Dst text UUid:c743abed-d07d-4168-885e-20534faca4c2
01-17 10:21:47 com_github_MitjaNemec_ReplicateLayout.replicate_layout 990:Src text UUid:f59b10dd-c3db-4f71-b020-b7260ec4102c
01-17 10:21:47 com_github_MitjaNemec_ReplicateLayout.replicate_layout 991:Dst text UUid:91dc25c4-d6c5-45fe-9ae4-93c9f6bcc64d
01-17 10:21:47 com_github_MitjaNemec_ReplicateLayout.replicate_layout 888:Replicating footprint: 'C8'
01-17 10:21:47 com_github_MitjaNemec_ReplicateLayout.replicate_layout 835:Src fp.id: '4F6F2311-F10E-42D0-9D99-05BE5B828B16'
01-17 10:21:47 com_github_MitjaNemec_ReplicateLayout.replicate_layout 839:Dst fp.id: '4F6F2311-F10E-42D0-9D99-05BE5B828B16'
01-17 10:21:47 com_github_MitjaNemec_ReplicateLayout.replicate_layout 895:found match in dst footprint: 'C13'
01-17 10:21:47 com_github_MitjaNemec_ReplicateLayout.replicate_layout 990:Src text UUid:1fc4d772-fd29-475d-96fb-6eebede2e3ce
01-17 10:21:47 com_github_MitjaNemec_ReplicateLayout.replicate_layout 991:Dst text UUid:c15f97a1-cf1d-4077-a314-6b8f713503db
01-17 10:21:47 com_github_MitjaNemec_ReplicateLayout.replicate_layout 990:Src text UUid:383dd41a-0593-4c19-bcb8-258aa6e0eb24
01-17 10:21:47 com_github_MitjaNemec_ReplicateLayout.replicate_layout 991:Dst text UUid:adc1b4fe-87c2-4e7f-9cbf-44d99362f22a
01-17 10:21:47 com_github_MitjaNemec_ReplicateLayout.replicate_layout 990:Src text UUid:7b7eb2dc-3fcb-4b67-9a42-426eb3e71544
01-17 10:21:47 com_github_MitjaNemec_ReplicateLayout.replicate_layout 991:Dst text UUid:45ed90e1-4f0b-4ce9-a30c-65daaa636985
01-17 10:21:47 com_github_MitjaNemec_ReplicateLayout.replicate_layout 888:Replicating footprint: 'C6'
01-17 10:21:47 com_github_MitjaNemec_ReplicateLayout.replicate_layout 835:Src fp.id: '17A3FA75-B019-44C6-8306-725F45245C70'
01-17 10:21:47 com_github_MitjaNemec_ReplicateLayout.replicate_layout 839:Dst fp.id: '17A3FA75-B019-44C6-8306-725F45245C70'
01-17 10:21:47 com_github_MitjaNemec_ReplicateLayout.replicate_layout 895:found match in dst footprint: 'C12'
01-17 10:21:47 com_github_MitjaNemec_ReplicateLayout.replicate_layout 990:Src text UUid:ce7022ef-11a9-4add-ab66-4eb5bc9537b8
01-17 10:21:47 com_github_MitjaNemec_ReplicateLayout.replicate_layout 991:Dst text UUid:94029137-5a3c-4432-bbf2-4f1ca2a54cd9
01-17 10:21:47 com_github_MitjaNemec_ReplicateLayout.replicate_layout 990:Src text UUid:c6e49579-9830-4a87-9e97-d3f9ab0526c1
01-17 10:21:47 com_github_MitjaNemec_ReplicateLayout.replicate_layout 991:Dst text UUid:bae402aa-f328-458c-9c33-888b6be1831a
01-17 10:21:47 com_github_MitjaNemec_ReplicateLayout.replicate_layout 990:Src text UUid:d9f5c05a-2709-40e1-8bc8-6bdb54f037df
01-17 10:21:47 com_github_MitjaNemec_ReplicateLayout.replicate_layout 991:Dst text UUid:323ef866-cf48-4f00-aaa4-ed74562d5bcf
01-17 10:21:47 root 340:updating GUI message: 'Replicating tracks'
01-17 10:21:47 com_github_MitjaNemec_ReplicateLayout.replicate_layout 1014:Replicating tracks
01-17 10:21:47 root 345:updating GUI with: 0
01-17 10:21:47 com_github_MitjaNemec_ReplicateLayout.replicate_layout 1020:Replicating tracks on sheet ['/TRAMOnBoard1/']
01-17 10:21:47 com_github_MitjaNemec_ReplicateLayout.replicate_layout 835:Src fp.id: 'F114EF70-FB86-4160-BDDD-3863A09C6EA6'
01-17 10:21:47 com_github_MitjaNemec_ReplicateLayout.replicate_layout 839:Dst fp.id: 'F114EF70-FB86-4160-BDDD-3863A09C6EA6'
01-17 10:21:47 com_github_MitjaNemec_ReplicateLayout.replicate_layout 792:Net pairs for sheet ['/TRAMOnBoard1/'] :[('Net-(IC1-ERROUT)', 'Net-(IC3-ERROUT)'), ('/TRAMOnBoard/AD4', '/TRAMOnBoard1/AD4'), ('Net-(IC1-CAP+)', 'Net-(IC3-CAP+)'), ('/TRAMOnBoard/AD10', '/TRAMOnBoard1/AD10'), ('Net-(T1-B)', 'Net-(T2-B)'), ('/TRAMOnBoard/AD13', '/TRAMOnBoard1/AD13'), ('/TRAMOnBoard/AD22', '/TRAMOnBoard1/AD22'), ('/TRAMOnBoard/LINK0_OUT', '/TRAMOnBoard1/LINK0_OUT'), ('/TRAMOnBoard/A14', '/TRAMOnBoard1/A14'), ('/TRAMOnBoard/LINK0_IN', '/TRAMOnBoard1/LINK0_IN'), ('/TRAMOnBoard/AD30', '/TRAMOnBoard1/AD30'), ('unconnected-(U2-O7-Pad19)', 'unconnected-(U5-O7-Pad19)'), ('/TRAMOnBoard/LINK_SPD', '/TRAMOnBoard1/LINK_SPD'), ('/TRAMOnBoard/LINK2_IN', '/TRAMOnBoard1/LINK2_IN'), ('/TRAMOnBoard/AD2', '/TRAMOnBoard1/AD2'), ('/TRAMOnBoard/AD18', '/TRAMOnBoard1/AD18'), ('/TRAMOnBoard/AD7', '/TRAMOnBoard1/AD7'), ('/TRAMOnBoard/AD23', '/TRAMOnBoard1/AD23'), ('', ''), ('/TRAMOnBoard/A15', '/TRAMOnBoard1/A15'), ('/TRAMOnBoard/ANALYSE', '/TRAMOnBoard1/ANALYSE'), ('Net-(IC1-LINKOUT1)', 'Net-(IC3-LINKOUT1)'), ('/TRAMOnBoard/A10', '/TRAMOnBoard1/A10'), ('/TRAMOnBoard/WR0', '/TRAMOnBoard1/WR0'), ('/TRAMOnBoard/A11', '/TRAMOnBoard1/A11'), ('unconnected-(IC1-NOTMEMS4-PadF10)', 'unconnected-(IC3-NOTMEMS4-PadF10)'), ('/TRAMOnBoard/AD31', '/TRAMOnBoard1/AD31'), ('unconnected-(IC1-MEMGRA-PadC9)', 'unconnected-(IC3-MEMGRA-PadC9)'), ('/TRAMOnBoard/AD24', '/TRAMOnBoard1/AD24'), ('/TRAMOnBoard/AD8', '/TRAMOnBoard1/AD8'), ('/TRAMOnBoard/AD20', '/TRAMOnBoard1/AD20'), ('/TRAMOnBoard/AD27', '/TRAMOnBoard1/AD27'), ('/TRAMOnBoard/A6', '/TRAMOnBoard1/A6'), ('Net-(IC1-PROCSPEED2)', 'Net-(IC3-PROCSPEED2)'), ('Net-(IC1-PROCSPEED0)', 'Net-(IC3-PROCSPEED0)'), ('/TRAMOnBoard/RESET', '/TRAMOnBoard1/RESET'), ('unconnected-(IC1-NOWIRE@1-PadB3)', 'unconnected-(IC3-NOWIRE@1-PadB3)'), ('/TRAMOnBoard/AD12', '/TRAMOnBoard1/AD12'), ('Net-(IC1-NOTMEMS1)', 'Net-(IC3-NOTMEMS1)'), ('/TRAMOnBoard/AD1', '/TRAMOnBoard1/AD1'), ('/TRAMOnBoard/AD0', '/TRAMOnBoard1/AD0'), ('/TRAMOnBoard/LINK1_OUT', '/TRAMOnBoard1/LINK1_OUT'), ('/TRAMOnBoard/RD', '/TRAMOnBoard1/RD'), ('/TRAMOnBoard/CLK_IN', '/TRAMOnBoard1/CLK_IN'), ('/TRAMOnBoard/nERROR', '/TRAMOnBoard1/nERROR'), ('/TRAMOnBoard/A9', '/TRAMOnBoard1/A9'), ('VCC', 'VCC'), ('/TRAMOnBoard/AD19', '/TRAMOnBoard1/AD19'), ('unconnected-(IC1-EVENTACK-PadA8)', 'unconnected-(IC3-EVENTACK-PadA8)'), ('/TRAMOnBoard/AD9', '/TRAMOnBoard1/AD9'), ('/TRAMOnBoard/AD5', '/TRAMOnBoard1/AD5'), ('/TRAMOnBoard/A7', '/TRAMOnBoard1/A7'), ('Net-(IC1-LINKOUT2)', 'Net-(IC3-LINKOUT2)'), ('/TRAMOnBoard/AD25', '/TRAMOnBoard1/AD25'), ('/TRAMOnBoard/LINK2_OUT', '/TRAMOnBoard1/LINK2_OUT'), ('/TRAMOnBoard/AD6', '/TRAMOnBoard1/AD6'), ('/TRAMOnBoard/A12', '/TRAMOnBoard1/A12'), ('/TRAMOnBoard/E', '/TRAMOnBoard1/E'), ('/TRAMOnBoard/AD11', '/TRAMOnBoard1/AD11'), ('Net-(IC1-LINKOUT3)', 'Net-(IC3-LINKOUT3)'), ('unconnected-(IC1-NOTMEMS2-PadF9)', 'unconnected-(IC3-NOTMEMS2-PadF9)'), ('/TRAMOnBoard/LINK3_IN', '/TRAMOnBoard1/LINK3_IN'), ('/TRAMOnBoard/A16', '/TRAMOnBoard1/A16'), ('/TRAMOnBoard/WR3', '/TRAMOnBoard1/WR3'), ('GND', 'GND'), ('/TRAMOnBoard/AD28', '/TRAMOnBoard1/AD28'), ('/TRAMOnBoard/LINK1_IN', '/TRAMOnBoard1/LINK1_IN'), ('/TRAMOnBoard/AD14', '/TRAMOnBoard1/AD14'), ('Net-(IC1-LINKOUT0)', 'Net-(IC3-LINKOUT0)'), ('/TRAMOnBoard/AD16', '/TRAMOnBoard1/AD16'), ('/TRAMOnBoard/A4', '/TRAMOnBoard1/A4'), ('/TRAMOnBoard/WR1', '/TRAMOnBoard1/WR1'), ('/TRAMOnBoard/WR2', '/TRAMOnBoard1/WR2'), ('/TRAMOnBoard/A13', '/TRAMOnBoard1/A13'), ('unconnected-(IC1-CLKOUT-PadA3)', 'unconnected-(IC3-CLKOUT-PadA3)'), ('/TRAMOnBoard/A8', '/TRAMOnBoard1/A8'), ('/TRAMOnBoard/AD3', '/TRAMOnBoard1/AD3'), ('/TRAMOnBoard/AD21', '/TRAMOnBoard1/AD21'), ('/TRAMOnBoard/AD26', '/TRAMOnBoard1/AD26'), ('/TRAMOnBoard/AD15', '/TRAMOnBoard1/AD15'), ('/TRAMOnBoard/AD17', '/TRAMOnBoard1/AD17'), ('Net-(IC1-PROCSPEED1)', 'Net-(IC3-PROCSPEED1)'), ('/TRAMOnBoard/AD29', '/TRAMOnBoard1/AD29'), ('/TRAMOnBoard/A3', '/TRAMOnBoard1/A3'), ('/TRAMOnBoard/A2', '/TRAMOnBoard1/A2'), ('unconnected-(IC1-NOTMEMRF-PadD8)', 'unconnected-(IC3-NOTMEMRF-PadD8)'), ('unconnected-(IC1-NOWIRE@0-PadA1)', 'unconnected-(IC3-NOWIRE@0-PadA1)'), ('/TRAMOnBoard/A5', '/TRAMOnBoard1/A5'), ('Net-(IC1-CAP-)', 'Net-(IC3-CAP-)'), ('unconnected-(IC1-NOTMEMS3-PadF8)', 'unconnected-(IC3-NOTMEMS3-PadF8)'), ('/TRAMOnBoard/LINK3_OUT', '/TRAMOnBoard1/LINK3_OUT')]
01-17 10:21:47 root 340:updating GUI message: 'Replicating zones'
01-17 10:21:47 root 345:updating GUI with: 0
01-17 10:21:47 com_github_MitjaNemec_ReplicateLayout.replicate_layout 1084:Replicating zones
01-17 10:21:47 root 345:updating GUI with: 0
01-17 10:21:47 com_github_MitjaNemec_ReplicateLayout.replicate_layout 1091:Replicating zones on sheet ['/TRAMOnBoard1/']
01-17 10:21:47 com_github_MitjaNemec_ReplicateLayout.replicate_layout 835:Src fp.id: 'F114EF70-FB86-4160-BDDD-3863A09C6EA6'
01-17 10:21:47 com_github_MitjaNemec_ReplicateLayout.replicate_layout 839:Dst fp.id: 'F114EF70-FB86-4160-BDDD-3863A09C6EA6'
01-17 10:21:47 com_github_MitjaNemec_ReplicateLayout.replicate_layout 792:Net pairs for sheet ['/TRAMOnBoard1/'] :[('Net-(IC1-ERROUT)', 'Net-(IC3-ERROUT)'), ('/TRAMOnBoard/AD4', '/TRAMOnBoard1/AD4'), ('Net-(IC1-CAP+)', 'Net-(IC3-CAP+)'), ('/TRAMOnBoard/AD10', '/TRAMOnBoard1/AD10'), ('Net-(T1-B)', 'Net-(T2-B)'), ('/TRAMOnBoard/AD13', '/TRAMOnBoard1/AD13'), ('/TRAMOnBoard/AD22', '/TRAMOnBoard1/AD22'), ('/TRAMOnBoard/LINK0_OUT', '/TRAMOnBoard1/LINK0_OUT'), ('/TRAMOnBoard/A14', '/TRAMOnBoard1/A14'), ('/TRAMOnBoard/LINK0_IN', '/TRAMOnBoard1/LINK0_IN'), ('/TRAMOnBoard/AD30', '/TRAMOnBoard1/AD30'), ('unconnected-(U2-O7-Pad19)', 'unconnected-(U5-O7-Pad19)'), ('/TRAMOnBoard/LINK_SPD', '/TRAMOnBoard1/LINK_SPD'), ('/TRAMOnBoard/LINK2_IN', '/TRAMOnBoard1/LINK2_IN'), ('/TRAMOnBoard/AD2', '/TRAMOnBoard1/AD2'), ('/TRAMOnBoard/AD18', '/TRAMOnBoard1/AD18'), ('/TRAMOnBoard/AD7', '/TRAMOnBoard1/AD7'), ('/TRAMOnBoard/AD23', '/TRAMOnBoard1/AD23'), ('', ''), ('/TRAMOnBoard/A15', '/TRAMOnBoard1/A15'), ('/TRAMOnBoard/ANALYSE', '/TRAMOnBoard1/ANALYSE'), ('Net-(IC1-LINKOUT1)', 'Net-(IC3-LINKOUT1)'), ('/TRAMOnBoard/A10', '/TRAMOnBoard1/A10'), ('/TRAMOnBoard/WR0', '/TRAMOnBoard1/WR0'), ('/TRAMOnBoard/A11', '/TRAMOnBoard1/A11'), ('unconnected-(IC1-NOTMEMS4-PadF10)', 'unconnected-(IC3-NOTMEMS4-PadF10)'), ('/TRAMOnBoard/AD31', '/TRAMOnBoard1/AD31'), ('unconnected-(IC1-MEMGRA-PadC9)', 'unconnected-(IC3-MEMGRA-PadC9)'), ('/TRAMOnBoard/AD24', '/TRAMOnBoard1/AD24'), ('/TRAMOnBoard/AD8', '/TRAMOnBoard1/AD8'), ('/TRAMOnBoard/AD20', '/TRAMOnBoard1/AD20'), ('/TRAMOnBoard/AD27', '/TRAMOnBoard1/AD27'), ('/TRAMOnBoard/A6', '/TRAMOnBoard1/A6'), ('Net-(IC1-PROCSPEED2)', 'Net-(IC3-PROCSPEED2)'), ('Net-(IC1-PROCSPEED0)', 'Net-(IC3-PROCSPEED0)'), ('/TRAMOnBoard/RESET', '/TRAMOnBoard1/RESET'), ('unconnected-(IC1-NOWIRE@1-PadB3)', 'unconnected-(IC3-NOWIRE@1-PadB3)'), ('/TRAMOnBoard/AD12', '/TRAMOnBoard1/AD12'), ('Net-(IC1-NOTMEMS1)', 'Net-(IC3-NOTMEMS1)'), ('/TRAMOnBoard/AD1', '/TRAMOnBoard1/AD1'), ('/TRAMOnBoard/AD0', '/TRAMOnBoard1/AD0'), ('/TRAMOnBoard/LINK1_OUT', '/TRAMOnBoard1/LINK1_OUT'), ('/TRAMOnBoard/RD', '/TRAMOnBoard1/RD'), ('/TRAMOnBoard/CLK_IN', '/TRAMOnBoard1/CLK_IN'), ('/TRAMOnBoard/nERROR', '/TRAMOnBoard1/nERROR'), ('/TRAMOnBoard/A9', '/TRAMOnBoard1/A9'), ('VCC', 'VCC'), ('/TRAMOnBoard/AD19', '/TRAMOnBoard1/AD19'), ('unconnected-(IC1-EVENTACK-PadA8)', 'unconnected-(IC3-EVENTACK-PadA8)'), ('/TRAMOnBoard/AD9', '/TRAMOnBoard1/AD9'), ('/TRAMOnBoard/AD5', '/TRAMOnBoard1/AD5'), ('/TRAMOnBoard/A7', '/TRAMOnBoard1/A7'), ('Net-(IC1-LINKOUT2)', 'Net-(IC3-LINKOUT2)'), ('/TRAMOnBoard/AD25', '/TRAMOnBoard1/AD25'), ('/TRAMOnBoard/LINK2_OUT', '/TRAMOnBoard1/LINK2_OUT'), ('/TRAMOnBoard/AD6', '/TRAMOnBoard1/AD6'), ('/TRAMOnBoard/A12', '/TRAMOnBoard1/A12'), ('/TRAMOnBoard/E', '/TRAMOnBoard1/E'), ('/TRAMOnBoard/AD11', '/TRAMOnBoard1/AD11'), ('Net-(IC1-LINKOUT3)', 'Net-(IC3-LINKOUT3)'), ('unconnected-(IC1-NOTMEMS2-PadF9)', 'unconnected-(IC3-NOTMEMS2-PadF9)'), ('/TRAMOnBoard/LINK3_IN', '/TRAMOnBoard1/LINK3_IN'), ('/TRAMOnBoard/A16', '/TRAMOnBoard1/A16'), ('/TRAMOnBoard/WR3', '/TRAMOnBoard1/WR3'), ('GND', 'GND'), ('/TRAMOnBoard/AD28', '/TRAMOnBoard1/AD28'), ('/TRAMOnBoard/LINK1_IN', '/TRAMOnBoard1/LINK1_IN'), ('/TRAMOnBoard/AD14', '/TRAMOnBoard1/AD14'), ('Net-(IC1-LINKOUT0)', 'Net-(IC3-LINKOUT0)'), ('/TRAMOnBoard/AD16', '/TRAMOnBoard1/AD16'), ('/TRAMOnBoard/A4', '/TRAMOnBoard1/A4'), ('/TRAMOnBoard/WR1', '/TRAMOnBoard1/WR1'), ('/TRAMOnBoard/WR2', '/TRAMOnBoard1/WR2'), ('/TRAMOnBoard/A13', '/TRAMOnBoard1/A13'), ('unconnected-(IC1-CLKOUT-PadA3)', 'unconnected-(IC3-CLKOUT-PadA3)'), ('/TRAMOnBoard/A8', '/TRAMOnBoard1/A8'), ('/TRAMOnBoard/AD3', '/TRAMOnBoard1/AD3'), ('/TRAMOnBoard/AD21', '/TRAMOnBoard1/AD21'), ('/TRAMOnBoard/AD26', '/TRAMOnBoard1/AD26'), ('/TRAMOnBoard/AD15', '/TRAMOnBoard1/AD15'), ('/TRAMOnBoard/AD17', '/TRAMOnBoard1/AD17'), ('Net-(IC1-PROCSPEED1)', 'Net-(IC3-PROCSPEED1)'), ('/TRAMOnBoard/AD29', '/TRAMOnBoard1/AD29'), ('/TRAMOnBoard/A3', '/TRAMOnBoard1/A3'), ('/TRAMOnBoard/A2', '/TRAMOnBoard1/A2'), ('unconnected-(IC1-NOTMEMRF-PadD8)', 'unconnected-(IC3-NOTMEMRF-PadD8)'), ('unconnected-(IC1-NOWIRE@0-PadA1)', 'unconnected-(IC3-NOWIRE@0-PadA1)'), ('/TRAMOnBoard/A5', '/TRAMOnBoard1/A5'), ('Net-(IC1-CAP-)', 'Net-(IC3-CAP-)'), ('unconnected-(IC1-NOTMEMS3-PadF8)', 'unconnected-(IC3-NOTMEMS3-PadF8)'), ('/TRAMOnBoard/LINK3_OUT', '/TRAMOnBoard1/LINK3_OUT')]
01-17 10:21:47 root 340:updating GUI message: 'Replicating text'
01-17 10:21:47 root 345:updating GUI with: 0
01-17 10:21:47 com_github_MitjaNemec_ReplicateLayout.replicate_layout 1173:Replicating text
01-17 10:21:47 root 345:updating GUI with: 0
01-17 10:21:47 com_github_MitjaNemec_ReplicateLayout.replicate_layout 1180:Replicating text on sheet ['/TRAMOnBoard1/']
01-17 10:21:47 com_github_MitjaNemec_ReplicateLayout.replicate_layout 835:Src fp.id: 'F114EF70-FB86-4160-BDDD-3863A09C6EA6'
01-17 10:21:47 com_github_MitjaNemec_ReplicateLayout.replicate_layout 839:Dst fp.id: 'F114EF70-FB86-4160-BDDD-3863A09C6EA6'
01-17 10:21:47 root 340:updating GUI message: 'Replicating drawings'
01-17 10:21:47 com_github_MitjaNemec_ReplicateLayout.replicate_layout 1224:Replicating drawings
01-17 10:21:47 com_github_MitjaNemec_ReplicateLayout.replicate_layout 1230:Replicating drawings on sheet ['/TRAMOnBoard1/']
01-17 10:21:47 com_github_MitjaNemec_ReplicateLayout.replicate_layout 835:Src fp.id: 'F114EF70-FB86-4160-BDDD-3863A09C6EA6'
01-17 10:21:47 com_github_MitjaNemec_ReplicateLayout.replicate_layout 839:Dst fp.id: 'F114EF70-FB86-4160-BDDD-3863A09C6EA6'
01-17 10:21:47 com_github_MitjaNemec_ReplicateLayout.action_replicate_layout 264:Replication complete
